{
  "version": "1.5.0",
  "plugins_used": [
    {
      "name": "ArtifactoryDetector"
    },
    {
      "name": "AWSKeyDetector"
    },
    {
      "name": "AzureStorageKeyDetector"
    },
    {
      "name": "Base64HighEntropyString",
      "limit": 4.5
    },
    {
      "name": "BasicAuthDetector"
    },
    {
      "name": "CloudantDetector"
    },
    {
      "name": "DiscordBotTokenDetector"
    },
    {
      "name": "GitHubTokenDetector"
    },
    {
      "name": "GitLabTokenDetector"
    },
    {
      "name": "HexHighEntropyString",
      "limit": 3.0
    },
    {
      "name": "IbmCloudIamDetector"
    },
    {
      "name": "IbmCosHmacDetector"
    },
    {
      "name": "IPPublicDetector"
    },
    {
      "name": "JwtTokenDetector"
    },
    {
      "name": "KeywordDetector",
      "keyword_exclude": ""
    },
    {
      "name": "MailchimpDetector"
    },
    {
      "name": "NpmDetector"
    },
    {
      "name": "OpenAIDetector"
    },
    {
      "name": "PrivateKeyDetector"
    },
    {
      "name": "PypiTokenDetector"
    },
    {
      "name": "SendGridDetector"
    },
    {
      "name": "SlackDetector"
    },
    {
      "name": "SoftlayerDetector"
    },
    {
      "name": "SquareOAuthDetector"
    },
    {
      "name": "StripeDetector"
    },
    {
      "name": "TelegramBotTokenDetector"
    },
    {
      "name": "TwilioKeyDetector"
    }
  ],
  "filters_used": [
    {
      "path": "detect_secrets.filters.allowlist.is_line_allowlisted"
    },
    {
      "path": "detect_secrets.filters.common.is_baseline_file",
      "filename": ".secrets.baseline"
    },
    {
      "path": "detect_secrets.filters.common.is_ignored_due_to_verification_policies",
      "min_level": 2
    },
    {
      "path": "detect_secrets.filters.heuristic.is_indirect_reference"
    },
    {
      "path": "detect_secrets.filters.heuristic.is_likely_id_string"
    },
    {
      "path": "detect_secrets.filters.heuristic.is_lock_file"
    },
    {
      "path": "detect_secrets.filters.heuristic.is_not_alphanumeric_string"
    },
    {
      "path": "detect_secrets.filters.heuristic.is_potential_uuid"
    },
    {
      "path": "detect_secrets.filters.heuristic.is_prefixed_with_dollar_sign"
    },
    {
      "path": "detect_secrets.filters.heuristic.is_sequential_string"
    },
    {
      "path": "detect_secrets.filters.heuristic.is_swagger_file"
    },
    {
      "path": "detect_secrets.filters.heuristic.is_templated_secret"
    }
  ],
  "results": {
    "ext_libs/google/auth/crypt/_python_rsa.py": [
      {
        "type": "Private Key",
        "filename": "ext_libs/google/auth/crypt/_python_rsa.py",
        "hashed_secret": "be4fc4886bd949b369d5e092eb87494f12e57e5b",
        "is_verified": false,
        "line_number": 39
      },
      {
        "type": "Private Key",
        "filename": "ext_libs/google/auth/crypt/_python_rsa.py",
        "hashed_secret": "1348b145fa1a555461c1b790a2f66614781091e9",
        "is_verified": false,
        "line_number": 40
      }
    ],
    "ext_libs/google/auth/crypt/base.py": [
      {
        "type": "Secret Keyword",
        "filename": "ext_libs/google/auth/crypt/base.py",
        "hashed_secret": "26eae588d0859648be8edcf9cd2cf19bbdfacd43",
        "is_verified": false,
        "line_number": 23
      }
    ],
    "ext_libs/google/auth/environment_vars.py": [
      {
        "type": "Secret Keyword",
        "filename": "ext_libs/google/auth/environment_vars.py",
        "hashed_secret": "8956265d216d474a080edaa97880d37fc1386f33",
        "is_verified": false,
        "line_number": 103
      }
    ],
    "ext_libs/google/auth/external_account_authorized_user.py": [
      {
        "type": "Secret Keyword",
        "filename": "ext_libs/google/auth/external_account_authorized_user.py",
        "hashed_secret": "9b8b876c2782fa992fab14095267bb8757b9fabc",
        "is_verified": false,
        "line_number": 32
      }
    ],
    "ext_libs/google/auth/transport/_mtls_helper.py": [
      {
        "type": "Private Key",
        "filename": "ext_libs/google/auth/transport/_mtls_helper.py",
        "hashed_secret": "1348b145fa1a555461c1b790a2f66614781091e9",
        "is_verified": false,
        "line_number": 43
      },
      {
        "type": "Private Key",
        "filename": "ext_libs/google/auth/transport/_mtls_helper.py",
        "hashed_secret": "f0778f3e140a61d5bbbed5430773e52af2f5fba4",
        "is_verified": false,
        "line_number": 44
      },
      {
        "type": "Private Key",
        "filename": "ext_libs/google/auth/transport/_mtls_helper.py",
        "hashed_secret": "be4fc4886bd949b369d5e092eb87494f12e57e5b",
        "is_verified": false,
        "line_number": 45
      }
    ],
    "ext_libs/google/oauth2/gdch_credentials.py": [
      {
        "type": "Private Key",
        "filename": "ext_libs/google/oauth2/gdch_credentials.py",
        "hashed_secret": "f0778f3e140a61d5bbbed5430773e52af2f5fba4",
        "is_verified": false,
        "line_number": 50
      }
    ],
    "ext_libs/google_auth_oauthlib/interactive.py": [
      {
        "type": "Secret Keyword",
        "filename": "ext_libs/google_auth_oauthlib/interactive.py",
        "hashed_secret": "ab5c76be797f257c9ccac344e8f0f2af6634bd85",
        "is_verified": false,
        "line_number": 132
      }
    ],
    "ext_libs/oauthlib/oauth2/rfc6749/clients/legacy_application.py": [
      {
        "type": "Secret Keyword",
        "filename": "ext_libs/oauthlib/oauth2/rfc6749/clients/legacy_application.py",
        "hashed_secret": "62cdb7020ff920e5aa642c3d4066950dd1f01f4d",
        "is_verified": false,
        "line_number": 73
      }
    ],
    "ext_libs/oauthlib/oauth2/rfc6749/tokens.py": [
      {
        "type": "Base64 High Entropy String",
        "filename": "ext_libs/oauthlib/oauth2/rfc6749/tokens.py",
        "hashed_secret": "8a22d61d423d289161ba0da2ccc00b3d30ebf03d",
        "is_verified": false,
        "line_number": 89
      }
    ],
    "ext_libs/oauthlib/oauth2/rfc8628/endpoints/device_authorization.py": [
      {
        "type": "Base64 High Entropy String",
        "filename": "ext_libs/oauthlib/oauth2/rfc8628/endpoints/device_authorization.py",
        "hashed_secret": "fa388a28f84921ab0d66b0064e4aef3b66aaefed",
        "is_verified": false,
        "line_number": 201
      }
    ],
    "ext_libs/requests_oauthlib-2.0.0.dist-info/METADATA": [
      {
        "type": "Secret Keyword",
        "filename": "ext_libs/requests_oauthlib-2.0.0.dist-info/METADATA",
        "hashed_secret": "8318df9ecda039deac9868adf1944a29a95c7114",
        "is_verified": false,
        "line_number": 51
      },
      {
        "type": "Secret Keyword",
        "filename": "ext_libs/requests_oauthlib-2.0.0.dist-info/METADATA",
        "hashed_secret": "67343ace2afc19b21ba37f204fa3eb639c32e9e9",
        "is_verified": false,
        "line_number": 53
      }
    ],
    "ext_libs/requests_oauthlib/oauth1_session.py": [
      {
        "type": "Secret Keyword",
        "filename": "ext_libs/requests_oauthlib/oauth1_session.py",
        "hashed_secret": "6a908639e438dfd5b5c1990dab9455bb554a557c",
        "is_verified": false,
        "line_number": 60
      },
      {
        "type": "Secret Keyword",
        "filename": "ext_libs/requests_oauthlib/oauth1_session.py",
        "hashed_secret": "e5e9fa1ba31ecd1ae84f75caaa474f3a663f05f4",
        "is_verified": false,
        "line_number": 61
      },
      {
        "type": "Secret Keyword",
        "filename": "ext_libs/requests_oauthlib/oauth1_session.py",
        "hashed_secret": "2f1c8a1041c56b173b739e28b8fb488a79e06070",
        "is_verified": false,
        "line_number": 75
      },
      {
        "type": "Secret Keyword",
        "filename": "ext_libs/requests_oauthlib/oauth1_session.py",
        "hashed_secret": "4402ed118495be83b351531ff13f4872e547fd75",
        "is_verified": false,
        "line_number": 93
      }
    ]
  },
  "generated_at": "2026-09-15T00:00:17Z"
}
